
[1;34m=== Предел графового канала: 30 ===[0m
Fetching 18 files:   0%|          | 0/18 [00:00<?, ?it/s]Fetching 18 files:  44%|████▍     | 8/18 [00:00<00:00, 14.35it/s]Fetching 18 files:  89%|████████▉ | 16/18 [00:00<00:00, 19.77it/s]Fetching 18 files: 100%|██████████| 18/18 [00:00<00:00, 18.61it/s]
         Качество поиска (plimit-30)          
┏━━━━┳━━━━━━━━┳━━━━━━━━━━━┳━━━━━━━┳━━━━━━━━━━┓
┃  k ┃ recall ┃ precision ┃  ndcg ┃ hit_rate ┃
┡━━━━╇━━━━━━━━╇━━━━━━━━━━━╇━━━━━━━╇━━━━━━━━━━┩
│  1 │  0.503 │     0.644 │ 0.644 │    0.644 │
│  3 │  0.692 │     0.308 │ 0.659 │    0.861 │
│  5 │  0.754 │     0.206 │ 0.689 │    0.920 │
│  8 │  0.804 │     0.140 │ 0.709 │    0.954 │
│ 12 │  0.820 │     0.120 │ 0.715 │    0.959 │
│ 16 │  0.836 │     0.110 │ 0.720 │    0.961 │
└────┴────────┴───────────┴───────┴──────────┘
MRR: 0.763
              По типам вопросов              
┏━━━━━━━━━━━━━━━┳━━━━━━━━━━┳━━━━━━━━┳━━━━━━━┓
┃ Тип           ┃ Вопросов ┃ recall ┃  ndcg ┃
┡━━━━━━━━━━━━━━━╇━━━━━━━━━━╇━━━━━━━━╇━━━━━━━┩
│ formula_table │      106 │  0.943 │ 0.830 │
│ graph_linked  │      186 │  0.728 │ 0.602 │
│ single_chunk  │       96 │  0.927 │ 0.827 │
└───────────────┴──────────┴────────┴───────┘
Граф: маршрутизировано 45.9% вопросов, нашёл 19.1% контекста, из них только он —
2.5%

[1;34m=== Предел графового канала: 60 ===[0m
         Качество поиска (plimit-60)          
┏━━━━┳━━━━━━━━┳━━━━━━━━━━━┳━━━━━━━┳━━━━━━━━━━┓
┃  k ┃ recall ┃ precision ┃  ndcg ┃ hit_rate ┃
┡━━━━╇━━━━━━━━╇━━━━━━━━━━━╇━━━━━━━╇━━━━━━━━━━┩
│  1 │  0.503 │     0.644 │ 0.644 │    0.644 │
│  3 │  0.691 │     0.307 │ 0.658 │    0.858 │
│  5 │  0.753 │     0.205 │ 0.688 │    0.918 │
│  8 │  0.800 │     0.139 │ 0.707 │    0.946 │
│ 12 │  0.817 │     0.119 │ 0.713 │    0.951 │
│ 16 │  0.832 │     0.109 │ 0.718 │    0.954 │
└────┴────────┴───────────┴───────┴──────────┘
MRR: 0.761
              По типам вопросов              
┏━━━━━━━━━━━━━━━┳━━━━━━━━━━┳━━━━━━━━┳━━━━━━━┓
┃ Тип           ┃ Вопросов ┃ recall ┃  ndcg ┃
┡━━━━━━━━━━━━━━━╇━━━━━━━━━━╇━━━━━━━━╇━━━━━━━┩
│ formula_table │      106 │  0.943 │ 0.830 │
│ graph_linked  │      186 │  0.720 │ 0.598 │
│ single_chunk  │       96 │  0.927 │ 0.827 │
└───────────────┴──────────┴────────┴───────┘
Граф: маршрутизировано 45.9% вопросов, нашёл 24.5% контекста, из них только он —
2.4%

[1;34m=== Предел графового канала: 100 ===[0m
         Качество поиска (plimit-100)         
┏━━━━┳━━━━━━━━┳━━━━━━━━━━━┳━━━━━━━┳━━━━━━━━━━┓
┃  k ┃ recall ┃ precision ┃  ndcg ┃ hit_rate ┃
┡━━━━╇━━━━━━━━╇━━━━━━━━━━━╇━━━━━━━╇━━━━━━━━━━┩
│  1 │  0.501 │     0.644 │ 0.644 │    0.644 │
│  3 │  0.691 │     0.308 │ 0.658 │    0.861 │
│  5 │  0.751 │     0.205 │ 0.687 │    0.918 │
│  8 │  0.800 │     0.140 │ 0.707 │    0.946 │
│ 12 │  0.814 │     0.119 │ 0.712 │    0.951 │
│ 16 │  0.835 │     0.110 │ 0.718 │    0.954 │
└────┴────────┴───────────┴───────┴──────────┘
MRR: 0.761
              По типам вопросов              
┏━━━━━━━━━━━━━━━┳━━━━━━━━━━┳━━━━━━━━┳━━━━━━━┓
┃ Тип           ┃ Вопросов ┃ recall ┃  ndcg ┃
┡━━━━━━━━━━━━━━━╇━━━━━━━━━━╇━━━━━━━━╇━━━━━━━┩
│ formula_table │      106 │  0.934 │ 0.820 │
│ graph_linked  │      186 │  0.731 │ 0.604 │
│ single_chunk  │       96 │  0.927 │ 0.827 │
└───────────────┴──────────┴────────┴───────┘
Граф: маршрутизировано 45.9% вопросов, нашёл 29.0% контекста, из них только он —
2.5%

[1;34m=== Парные сравнения ===[0m
deploy/exp1-passage-limit.sh: line 33: limit_: unbound variable
--- 30 против 60 ---
│           │           │           │        │  +0.000]  │           │         │
│ mrr       │     0.763 │     0.761 │ -0.002 │ [-0.005;  │    0/3    │   нет   │
│           │           │           │        │  +0.000]  │           │         │
└───────────┴───────────┴───────────┴────────┴───────────┴───────────┴─────────┘
                  Тот же результат по типам вопросов (recall)                   
┏━━━━━━━━━━━┳━━━━━━━━━━┳━━━━━━━━━━━┳━━━━━━━━━━━┳━━━━━━━━┳━━━━━━━━━━━┳━━━━━━━━━━┓
┃           ┃          ┃           ┃           ┃        ┃    95%    ┃          ┃
┃ Тип       ┃ Вопросов ┃ plimit-30 ┃ plimit-60 ┃      Δ ┃ интервал  ┃ Лучше/х… ┃
┡━━━━━━━━━━━╇━━━━━━━━━━╇━━━━━━━━━━━╇━━━━━━━━━━━╇━━━━━━━━╇━━━━━━━━━━━╇━━━━━━━━━━┩
│ formula_… │      106 │     0.943 │     0.943 │ +0.000 │ [+0.000;  │   0/0    │
│           │          │           │           │        │  +0.000]  │          │
│ graph_li… │      186 │     0.729 │     0.720 │ -0.008 │ [-0.021;  │   2/5    │
│           │          │           │           │        │  +0.005]  │          │
│ single_c… │       96 │     0.927 │     0.927 │ +0.000 │ [+0.000;  │   0/0    │
│           │          │           │           │        │  +0.000]  │          │
└───────────┴──────────┴───────────┴───────────┴────────┴───────────┴──────────┘
Значимость — доверительный интервал среднего различия по парному бутстрэпу не 
покрывает ноль. «Лучше/хуже» — на скольких вопросах метрика выросла и упала.
deploy/exp1-passage-limit.sh: line 33: limit_: unbound variable
--- 30 против 100 ---
└───────────┴───────────┴───────────┴────────┴───────────┴───────────┴─────────┘
                  Тот же результат по типам вопросов (recall)                   
┏━━━━━━━━━━━┳━━━━━━━━━━┳━━━━━━━━━━━┳━━━━━━━━━━━┳━━━━━━━━┳━━━━━━━━━━━┳━━━━━━━━━━┓
┃           ┃          ┃           ┃           ┃        ┃    95%    ┃          ┃
┃ Тип       ┃ Вопросов ┃ plimit-30 ┃ plimit-1… ┃      Δ ┃ интервал  ┃ Лучше/х… ┃
┡━━━━━━━━━━━╇━━━━━━━━━━╇━━━━━━━━━━━╇━━━━━━━━━━━╇━━━━━━━━╇━━━━━━━━━━━╇━━━━━━━━━━┩
│ formula_… │      106 │     0.943 │     0.934 │ -0.009 │ [-0.028;  │   0/1    │
│           │          │           │           │        │  +0.000]  │          │
│ graph_li… │      186 │     0.729 │     0.731 │ +0.003 │ [-0.011;  │   4/3    │
│           │          │           │           │        │  +0.016]  │          │
│ single_c… │       96 │     0.927 │     0.927 │ +0.000 │ [+0.000;  │   0/0    │
│           │          │           │           │        │  +0.000]  │          │
└───────────┴──────────┴───────────┴───────────┴────────┴───────────┴──────────┘
Изменение помогает одним типам вопросов и вредит другим. Решение по среднему 
здесь будет неверным: нужна либо настройка по типу вопроса, либо явный выбор, 
чем жертвуем.
Значимость — доверительный интервал среднего различия по парному бутстрэпу не 
покрывает ноль. «Лучше/хуже» — на скольких вопросах метрика выросла и упала.

[1;34m=== ОПЫТ1_ЗАВЕРШЁН ===[0m
