
[1;34m=== Опыт 2: маршрут всегда в граф ===[0m
       Качество поиска (router-always)        
┏━━━━┳━━━━━━━━┳━━━━━━━━━━━┳━━━━━━━┳━━━━━━━━━━┓
┃  k ┃ recall ┃ precision ┃  ndcg ┃ hit_rate ┃
┡━━━━╇━━━━━━━━╇━━━━━━━━━━━╇━━━━━━━╇━━━━━━━━━━┩
│  1 │  0.505 │     0.647 │ 0.647 │    0.647 │
│  3 │  0.689 │     0.308 │ 0.659 │    0.858 │
│  5 │  0.747 │     0.204 │ 0.687 │    0.912 │
│  8 │  0.807 │     0.141 │ 0.711 │    0.954 │
│ 12 │  0.830 │     0.097 │ 0.719 │    0.966 │
│ 16 │  0.854 │     0.076 │ 0.726 │    0.972 │
└────┴────────┴───────────┴───────┴──────────┘
MRR: 0.765
              По типам вопросов              
┏━━━━━━━━━━━━━━━┳━━━━━━━━━━┳━━━━━━━━┳━━━━━━━┓
┃ Тип           ┃ Вопросов ┃ recall ┃  ndcg ┃
┡━━━━━━━━━━━━━━━╇━━━━━━━━━━╇━━━━━━━━╇━━━━━━━┩
│ formula_table │      106 │  0.943 │ 0.834 │
│ graph_linked  │      186 │  0.750 │ 0.610 │
│ single_chunk  │       96 │  0.958 │ 0.833 │
└───────────────┴──────────┴────────┴───────┘
Граф: маршрутизировано 100.0% вопросов, нашёл 41.5% контекста, из них только он 
— 5.2%

[1;34m=== Опыт 3: затравки только от найденных фрагментов ===[0m
       Качество поиска (seed-passages)        
┏━━━━┳━━━━━━━━┳━━━━━━━━━━━┳━━━━━━━┳━━━━━━━━━━┓
┃  k ┃ recall ┃ precision ┃  ndcg ┃ hit_rate ┃
┡━━━━╇━━━━━━━━╇━━━━━━━━━━━╇━━━━━━━╇━━━━━━━━━━┩
│  1 │  0.501 │     0.642 │ 0.642 │    0.642 │
│  3 │  0.692 │     0.308 │ 0.659 │    0.861 │
│  5 │  0.753 │     0.205 │ 0.688 │    0.920 │
│  8 │  0.803 │     0.140 │ 0.708 │    0.951 │
│ 12 │  0.821 │     0.120 │ 0.714 │    0.956 │
│ 16 │  0.835 │     0.110 │ 0.719 │    0.959 │
└────┴────────┴───────────┴───────┴──────────┘
MRR: 0.762
              По типам вопросов              
┏━━━━━━━━━━━━━━━┳━━━━━━━━━━┳━━━━━━━━┳━━━━━━━┓
┃ Тип           ┃ Вопросов ┃ recall ┃  ndcg ┃
┡━━━━━━━━━━━━━━━╇━━━━━━━━━━╇━━━━━━━━╇━━━━━━━┩
│ formula_table │      106 │  0.943 │ 0.830 │
│ graph_linked  │      186 │  0.726 │ 0.599 │
│ single_chunk  │       96 │  0.927 │ 0.827 │
└───────────────┴──────────┴────────┴───────┘
Граф: маршрутизировано 45.9% вопросов, нашёл 16.8% контекста, из них только он —
2.0%

[1;34m=== Опыт 3б: затравки от фрагментов И маршрут всегда ===[0m
      Качество поиска (always-passages)       
┏━━━━┳━━━━━━━━┳━━━━━━━━━━━┳━━━━━━━┳━━━━━━━━━━┓
┃  k ┃ recall ┃ precision ┃  ndcg ┃ hit_rate ┃
┡━━━━╇━━━━━━━━╇━━━━━━━━━━━╇━━━━━━━╇━━━━━━━━━━┩
│  1 │  0.504 │     0.644 │ 0.644 │    0.644 │
│  3 │  0.689 │     0.308 │ 0.659 │    0.858 │
│  5 │  0.750 │     0.205 │ 0.688 │    0.918 │
│  8 │  0.802 │     0.140 │ 0.709 │    0.951 │
│ 12 │  0.831 │     0.098 │ 0.719 │    0.966 │
│ 16 │  0.853 │     0.076 │ 0.725 │    0.972 │
└────┴────────┴───────────┴───────┴──────────┘
MRR: 0.764
              По типам вопросов              
┏━━━━━━━━━━━━━━━┳━━━━━━━━━━┳━━━━━━━━┳━━━━━━━┓
┃ Тип           ┃ Вопросов ┃ recall ┃  ndcg ┃
┡━━━━━━━━━━━━━━━╇━━━━━━━━━━╇━━━━━━━━╇━━━━━━━┩
│ formula_table │      106 │  0.943 │ 0.834 │
│ graph_linked  │      186 │  0.747 │ 0.607 │
│ single_chunk  │       96 │  0.958 │ 0.833 │
└───────────────┴──────────┴────────┴───────┘
Граф: маршрутизировано 100.0% вопросов, нашёл 36.1% контекста, из них только он 
— 4.2%

[1;34m=== Парные сравнения с точкой отсчёта ===[0m
--- точка отсчёта против router-always ---
│           │           │           │        │  +0.011]  │           │         │
│ hit_rate  │     0.961 │     0.972 │ +0.010 │ [+0.000;  │    5/1    │   нет   │
│           │           │           │        │  +0.023]  │           │         │
│ mrr       │     0.763 │     0.765 │ +0.002 │ [-0.001;  │    8/5    │   нет   │
│           │           │           │        │  +0.006]  │           │         │
└───────────┴───────────┴───────────┴────────┴───────────┴───────────┴─────────┘
                  Тот же результат по типам вопросов (recall)                   
┏━━━━━━━━━━━┳━━━━━━━━━━┳━━━━━━━━━━━┳━━━━━━━━━━━┳━━━━━━━━┳━━━━━━━━━━━┳━━━━━━━━━━┓
┃           ┃          ┃           ┃           ┃        ┃    95%    ┃          ┃
┃ Тип       ┃ Вопросов ┃ plimit-30 ┃ router-a… ┃      Δ ┃ интервал  ┃ Лучше/х… ┃
┡━━━━━━━━━━━╇━━━━━━━━━━╇━━━━━━━━━━━╇━━━━━━━━━━━╇━━━━━━━━╇━━━━━━━━━━━╇━━━━━━━━━━┩
│ formula_… │      106 │     0.943 │     0.943 │ +0.000 │ [+0.000;  │   0/0    │
│           │          │           │           │        │  +0.000]  │          │
│ graph_li… │      186 │     0.729 │     0.750 │ +0.021 │ [+0.005;  │   9/1    │
│           │          │           │           │        │  +0.038]  │          │
│ single_c… │       96 │     0.927 │     0.958 │ +0.031 │ [-0.010;  │   4/1    │
│           │          │           │           │        │  +0.083]  │          │
└───────────┴──────────┴───────────┴───────────┴────────┴───────────┴──────────┘
Значимость — доверительный интервал среднего различия по парному бутстрэпу не 
покрывает ноль. «Лучше/хуже» — на скольких вопросах метрика выросла и упала.
--- точка отсчёта против seed-passages ---
│           │           │           │        │  +0.002]  │           │         │
│ hit_rate  │     0.961 │     0.959 │ -0.003 │ [-0.008;  │    0/1    │   нет   │
│           │           │           │        │  +0.000]  │           │         │
│ mrr       │     0.763 │     0.762 │ -0.002 │ [-0.005;  │    2/5    │   нет   │
│           │           │           │        │  +0.000]  │           │         │
└───────────┴───────────┴───────────┴────────┴───────────┴───────────┴─────────┘
                  Тот же результат по типам вопросов (recall)                   
┏━━━━━━━━━━━┳━━━━━━━━━━┳━━━━━━━━━━━┳━━━━━━━━━━━┳━━━━━━━━┳━━━━━━━━━━━┳━━━━━━━━━━┓
┃           ┃          ┃           ┃           ┃        ┃    95%    ┃          ┃
┃ Тип       ┃ Вопросов ┃ plimit-30 ┃ seed-pas… ┃      Δ ┃ интервал  ┃ Лучше/х… ┃
┡━━━━━━━━━━━╇━━━━━━━━━━╇━━━━━━━━━━━╇━━━━━━━━━━━╇━━━━━━━━╇━━━━━━━━━━━╇━━━━━━━━━━┩
│ formula_… │      106 │     0.943 │     0.943 │ +0.000 │ [+0.000;  │   0/0    │
│           │          │           │           │        │  +0.000]  │          │
│ graph_li… │      186 │     0.729 │     0.726 │ -0.003 │ [-0.019;  │   4/5    │
│           │          │           │           │        │  +0.013]  │          │
│ single_c… │       96 │     0.927 │     0.927 │ +0.000 │ [+0.000;  │   0/0    │
│           │          │           │           │        │  +0.000]  │          │
└───────────┴──────────┴───────────┴───────────┴────────┴───────────┴──────────┘
Значимость — доверительный интервал среднего различия по парному бутстрэпу не 
покрывает ноль. «Лучше/хуже» — на скольких вопросах метрика выросла и упала.
--- точка отсчёта против always-passages ---
│           │           │           │        │  +0.011]  │           │         │
│ hit_rate  │     0.961 │     0.972 │ +0.010 │ [+0.000;  │    5/1    │   нет   │
│           │           │           │        │  +0.023]  │           │         │
│ mrr       │     0.763 │     0.764 │ +0.001 │ [-0.003;  │   11/7    │   нет   │
│           │           │           │        │  +0.005]  │           │         │
└───────────┴───────────┴───────────┴────────┴───────────┴───────────┴─────────┘
                  Тот же результат по типам вопросов (recall)                   
┏━━━━━━━━━━━┳━━━━━━━━━━┳━━━━━━━━━━━┳━━━━━━━━━━━┳━━━━━━━━┳━━━━━━━━━━━┳━━━━━━━━━━┓
┃           ┃          ┃           ┃           ┃        ┃    95%    ┃          ┃
┃ Тип       ┃ Вопросов ┃ plimit-30 ┃ always-p… ┃      Δ ┃ интервал  ┃ Лучше/х… ┃
┡━━━━━━━━━━━╇━━━━━━━━━━╇━━━━━━━━━━━╇━━━━━━━━━━━╇━━━━━━━━╇━━━━━━━━━━━╇━━━━━━━━━━┩
│ formula_… │      106 │     0.943 │     0.943 │ +0.000 │ [+0.000;  │   0/0    │
│           │          │           │           │        │  +0.000]  │          │
│ graph_li… │      186 │     0.729 │     0.747 │ +0.019 │ [-0.003;  │   12/5   │
│           │          │           │           │        │  +0.040]  │          │
│ single_c… │       96 │     0.927 │     0.958 │ +0.031 │ [-0.010;  │   4/1    │
│           │          │           │           │        │  +0.083]  │          │
└───────────┴──────────┴───────────┴───────────┴────────┴───────────┴──────────┘
Значимость — доверительный интервал среднего различия по парному бутстрэпу не 
покрывает ноль. «Лучше/хуже» — на скольких вопросах метрика выросла и упала.

[1;34m=== ОПЫТ23_ЗАВЕРШЁН ===[0m
