
[1;34m=== Шаг 1. Снимаю граф учебника ===[0m
┏━━━━━━━━━━┳━━━━━━━━━━┓
┃ Метрика  ┃ Значение ┃
┡━━━━━━━━━━╇━━━━━━━━━━┩
│ passages │     1151 │
│ entities │     3836 │
│ relates  │     4495 │
│ cooccurs │     1585 │
│ mentions │     8389 │
└──────────┴──────────┘
Доля типизированных связей: 73.9%
Сейчас в графе: {'passages': 1151, 'entities': 3836, 'relates': 4495, 
'cooccurs': 1585, 'mentions': 8389}
Удалено узлов: 4988

[1;34m=== Шаг 2. Чужой граф из кэша и замер с принудительным маршрутом ===[0m
Коллекция: multihop_rag, база графа: neo4j
Документов в корпусе: 609
Чанков: 6354
Проиндексировано: {'чанков': 6354, 'векторизовано': 6354, 'граф': {'passages': 
6354, 'entities': 33172, 'mentions': 67745, 'relations': 41193, 
'cross_chunk_relations': 1063, 'cooccurrences': 23174, 
'cooccurrence_candidates': 322844, 'cooccurrence_kept_ratio': 0.0718, 
'pruned_hubs': 181, 'extraction_status': {'empty': 461, 'ok': 5887, 
'rule_fallback': 6}}}
{
  "свидетельств": 6084,
  "сопоставлено дословно": 6064,
  "сопоставлено по пересечению": 20,
  "не сопоставлено": 0,
  "покрытие": 1.0,
  "вопросов в наборе": 2556,
  "вопросов оставлено": 2255,
  "вопросов без ответа отброшено": 301,
  "по типам": {
    "inference_query": 816,
    "comparison_query": 856,
    "temporal_query": 583
  }
}
         MultiHop-RAG: 2255 вопросов          
┏━━━━┳━━━━━━━━┳━━━━━━━━━━━┳━━━━━━━┳━━━━━━━━━━┓
┃  k ┃ recall ┃ precision ┃  ndcg ┃ hit_rate ┃
┡━━━━╇━━━━━━━━╇━━━━━━━━━━━╇━━━━━━━╇━━━━━━━━━━┩
│  1 │  0.225 │     0.558 │ 0.558 │    0.558 │
│  3 │  0.432 │     0.355 │ 0.464 │    0.762 │
│  5 │  0.522 │     0.260 │ 0.502 │    0.832 │
│  8 │  0.601 │     0.189 │ 0.537 │    0.886 │
│ 12 │  0.654 │     0.138 │ 0.558 │    0.921 │
│ 16 │  0.690 │     0.110 │ 0.571 │    0.941 │
└────┴────────┴───────────┴───────┴──────────┘
MRR: 0.679
         По типам вопросов набора         
┏━━━━━━━━━━━━━━━━━━┳━━━━━━━━━━┳━━━━━━━━━━┓
┃ Тип              ┃ Вопросов ┃ recall@k ┃
┡━━━━━━━━━━━━━━━━━━╇━━━━━━━━━━╇━━━━━━━━━━┩
│ comparison_query │      856 │    0.723 │
│ inference_query  │      816 │    0.522 │
│ temporal_query   │      583 │    0.534 │
└──────────────────┴──────────┴──────────┘
Граф: маршрутизировано 100.0% вопросов, нашёл 36.3% контекста, из них только он 
— 4.4%
Метрики сохранены: 
artifacts/metrics/retrieval_eval_multihop-graph-forced_20260819_105634.json

[1;34m=== Шаг 3. Статистика чужого графа ===[0m
┏━━━━━━━━━━┳━━━━━━━━━━┓
┃ Метрика  ┃ Значение ┃
┡━━━━━━━━━━╇━━━━━━━━━━┩
│ passages │     6354 │
│ entities │    32991 │
│ relates  │    30042 │
│ cooccurs │    13524 │
│ mentions │    60329 │
└──────────┴──────────┘
Доля типизированных связей: 69.0%

[1;34m=== Шаг 4. Возвращаю граф учебника ===[0m
Сейчас в графе: {'passages': 6354, 'entities': 32991, 'relates': 30042, 
'cooccurs': 13524, 'mentions': 60329}
Удалено узлов: 39346

Теперь запускайте индексацию БЕЗ --force: выполнятся только снятые стадии,
а разбор и чанки возьмутся из artifacts/parsed.
Связи между фрагментами: получено 997
извлечение={'ok': 1150, 'empty': 1}
┏━━━━━━━━━━┳━━━━━━━━━━┓
┃ Метрика  ┃ Значение ┃
┡━━━━━━━━━━╇━━━━━━━━━━┩
│ passages │     1151 │
│ entities │     3836 │
│ relates  │     4497 │
│ cooccurs │     1585 │
│ mentions │     8389 │
└──────────┴──────────┘
Доля типизированных связей: 73.9%

[1;34m=== Шаг 5. Проверка, что учебник не пострадал ===[0m
       Качество поиска (after-multihop)       
┏━━━━┳━━━━━━━━┳━━━━━━━━━━━┳━━━━━━━┳━━━━━━━━━━┓
┃  k ┃ recall ┃ precision ┃  ndcg ┃ hit_rate ┃
┡━━━━╇━━━━━━━━╇━━━━━━━━━━━╇━━━━━━━╇━━━━━━━━━━┩
│  1 │  0.501 │     0.642 │ 0.642 │    0.642 │
│  3 │  0.692 │     0.308 │ 0.659 │    0.861 │
│  5 │  0.754 │     0.206 │ 0.688 │    0.920 │
│  8 │  0.802 │     0.140 │ 0.708 │    0.948 │
│ 12 │  0.817 │     0.119 │ 0.713 │    0.954 │
│ 16 │  0.834 │     0.109 │ 0.718 │    0.956 │
└────┴────────┴───────────┴───────┴──────────┘
MRR: 0.761
              По типам вопросов              
┏━━━━━━━━━━━━━━━┳━━━━━━━━━━┳━━━━━━━━┳━━━━━━━┓
┃ Тип           ┃ Вопросов ┃ recall ┃  ndcg ┃
┡━━━━━━━━━━━━━━━╇━━━━━━━━━━╇━━━━━━━━╇━━━━━━━┩
│ formula_table │      106 │  0.943 │ 0.830 │
│ graph_linked  │      186 │  0.723 │ 0.598 │
│ single_chunk  │       96 │  0.927 │ 0.827 │
└───────────────┴──────────┴────────┴───────┘
Граф: маршрутизировано 45.9% вопросов, нашёл 19.2% контекста, из них только он —
2.4%

[1;34m=== ЗАМЕР_ЗАВЕРШЁН ===[0m

    Главное число: recall@16 с принудительным маршрутом против 0.611
    без графа. И строка «Граф: маршрутизировано ...» — она обязана
    показывать долю около 100%, иначе опыт снова негодный.
