
[1;34m=== Шаг 1. Базовая линия без графа ===[0m
Коллекция: multihop_rag, база графа: neo4j
Документов в корпусе: 609
Чанков: 6354
Fetching 18 files:   0%|          | 0/18 [00:00<?, ?it/s]Fetching 18 files:  44%|████▍     | 8/18 [00:00<00:00, 15.36it/s]Fetching 18 files:  89%|████████▉ | 16/18 [00:00<00:00, 21.07it/s]Fetching 18 files: 100%|██████████| 18/18 [00:00<00:00, 18.55it/s]
Проиндексировано: {'чанков': 6354, 'векторизовано': 6354, 'граф': {'status': 
'skipped'}}
{
  "свидетельств": 6084,
  "сопоставлено дословно": 6064,
  "сопоставлено по пересечению": 20,
  "не сопоставлено": 0,
  "покрытие": 1.0,
  "вопросов в наборе": 2556,
  "вопросов оставлено": 2255,
  "вопросов без ответа отброшено": 301,
  "по типам": {
    "inference_query": 816,
    "comparison_query": 856,
    "temporal_query": 583
  }
}
         MultiHop-RAG: 2255 вопросов          
┏━━━━┳━━━━━━━━┳━━━━━━━━━━━┳━━━━━━━┳━━━━━━━━━━┓
┃  k ┃ recall ┃ precision ┃  ndcg ┃ hit_rate ┃
┡━━━━╇━━━━━━━━╇━━━━━━━━━━━╇━━━━━━━╇━━━━━━━━━━┩
│  1 │  0.225 │     0.559 │ 0.559 │    0.559 │
│  3 │  0.434 │     0.357 │ 0.465 │    0.765 │
│  5 │  0.526 │     0.262 │ 0.504 │    0.831 │
│  8 │  0.606 │     0.191 │ 0.541 │    0.886 │
│ 12 │  0.609 │     0.186 │ 0.542 │    0.888 │
│ 16 │  0.611 │     0.184 │ 0.542 │    0.888 │
└────┴────────┴───────────┴───────┴──────────┘
MRR: 0.675
         По типам вопросов набора         
┏━━━━━━━━━━━━━━━━━━┳━━━━━━━━━━┳━━━━━━━━━━┓
┃ Тип              ┃ Вопросов ┃ recall@k ┃
┡━━━━━━━━━━━━━━━━━━╇━━━━━━━━━━╇━━━━━━━━━━┩
│ comparison_query │      856 │    0.726 │
│ inference_query  │      816 │    0.531 │
│ temporal_query   │      583 │    0.536 │
└──────────────────┴──────────┴──────────┘
Метрики сохранены: 
artifacts/metrics/retrieval_eval_multihop-nograph_20260819_082617.json

[1;34m=== Шаг 2. Снимаю граф учебника ===[0m
      Граф знаний      
┏━━━━━━━━━━┳━━━━━━━━━━┓
┃ Метрика  ┃ Значение ┃
┡━━━━━━━━━━╇━━━━━━━━━━┩
│ passages │     1151 │
│ entities │     4059 │
│ relates  │     4582 │
│ cooccurs │     1646 │
│ mentions │     8757 │
└──────────┴──────────┘
Доля типизированных связей: 73.6%
Сейчас в графе: {'passages': 1151, 'entities': 4059, 'relates': 4582, 
'cooccurs': 1646, 'mentions': 8757}
Удалено узлов: 5211

[1;34m=== Шаг 3. Граф по чужому корпусу и замер с ним ===[0m
Коллекция: multihop_rag, база графа: neo4j
Документов в корпусе: 609
Чанков: 6354
Проиндексировано: {'чанков': 6354, 'векторизовано': 6354, 'граф': {'passages': 
6354, 'entities': 33173, 'mentions': 67745, 'relations': 41145, 
'cross_chunk_relations': 1026, 'cooccurrences': 23172, 
'cooccurrence_candidates': 322849, 'cooccurrence_kept_ratio': 0.0718, 
'pruned_hubs': 179, 'extraction_status': {'empty': 461, 'ok': 5886, 
'rule_fallback': 7}}}
{
  "свидетельств": 6084,
  "сопоставлено дословно": 6064,
  "сопоставлено по пересечению": 20,
  "не сопоставлено": 0,
  "покрытие": 1.0,
  "вопросов в наборе": 2556,
  "вопросов оставлено": 2255,
  "вопросов без ответа отброшено": 301,
  "по типам": {
    "inference_query": 816,
    "comparison_query": 856,
    "temporal_query": 583
  }
}
         MultiHop-RAG: 2255 вопросов          
┏━━━━┳━━━━━━━━┳━━━━━━━━━━━┳━━━━━━━┳━━━━━━━━━━┓
┃  k ┃ recall ┃ precision ┃  ndcg ┃ hit_rate ┃
┡━━━━╇━━━━━━━━╇━━━━━━━━━━━╇━━━━━━━╇━━━━━━━━━━┩
│  1 │  0.225 │     0.559 │ 0.559 │    0.559 │
│  3 │  0.433 │     0.356 │ 0.465 │    0.765 │
│  5 │  0.525 │     0.261 │ 0.504 │    0.831 │
│  8 │  0.605 │     0.190 │ 0.540 │    0.886 │
│ 12 │  0.607 │     0.186 │ 0.541 │    0.886 │
│ 16 │  0.608 │     0.184 │ 0.541 │    0.887 │
└────┴────────┴───────────┴───────┴──────────┘
MRR: 0.674
         По типам вопросов набора         
┏━━━━━━━━━━━━━━━━━━┳━━━━━━━━━━┳━━━━━━━━━━┓
┃ Тип              ┃ Вопросов ┃ recall@k ┃
┡━━━━━━━━━━━━━━━━━━╇━━━━━━━━━━╇━━━━━━━━━━┩
│ comparison_query │      856 │    0.725 │
│ inference_query  │      816 │    0.529 │
│ temporal_query   │      583 │    0.535 │
└──────────────────┴──────────┴──────────┘
Метрики сохранены: 
artifacts/metrics/retrieval_eval_multihop-graph_20260819_102728.json

[1;34m=== Шаг 4. Статистика чужого графа ===[0m
      Граф знаний      
┏━━━━━━━━━━┳━━━━━━━━━━┓
┃ Метрика  ┃ Значение ┃
┡━━━━━━━━━━╇━━━━━━━━━━┩
│ passages │     6354 │
│ entities │    32994 │
│ relates  │    30081 │
│ cooccurs │    13563 │
│ mentions │    60386 │
└──────────┴──────────┘
Доля типизированных связей: 68.9%

[1;34m=== Шаг 5. Возвращаю граф учебника ===[0m
Сейчас в графе: {'passages': 6354, 'entities': 32994, 'relates': 30081, 
'cooccurs': 13563, 'mentions': 60386}
Удалено узлов: 39349
    0690bb81b7e3:graphed

Теперь запускайте индексацию БЕЗ --force: выполнятся только снятые стадии,
а разбор и чанки возьмутся из artifacts/parsed.
Связи между фрагментами: получено 992
извлечение={'ok': 1150, 'empty': 1}
      Граф знаний      
┏━━━━━━━━━━┳━━━━━━━━━━┓
┃ Метрика  ┃ Значение ┃
┡━━━━━━━━━━╇━━━━━━━━━━┩
│ passages │     1151 │
│ entities │     3836 │
│ relates  │     4495 │
│ cooccurs │     1585 │
│ mentions │     8389 │
└──────────┴──────────┘
Доля типизированных связей: 73.9%

[1;34m=== ЗАМЕР_ЗАВЕРШЁН ===[0m

    Что читать. Разница между multihop-nograph и multihop-graph — это ответ
    на вопрос, помогает ли граф на многошаговых вопросах чужого корпуса.
    Разбивка по типам набора (inference / comparison / temporal) печатается
    отдельно: опубликованные числа даны именно в ней.

    Чего это НЕ говорит: корпус новостной и английский. На русский учебник
    математики выводы не переносятся — это внешняя точка сравнения.

    Проверьте, что граф учебника вернулся: passages=1151, entities около 4059.
